hostname = kata-test1.csc.fi
foo = bar
email = kata-admin@csc.fi