[{ "spname" : "kata-test1.csc.fi" } , { "more_stuff" : "foo" }]