foo = bar
mail = postmaster@here.org
yes = no
myip = 1.2.3.4
